Analysis & Synthesis report for PWM_Controller
Tue May 09 17:01:14 2023
Quartus II 64-Bit Version 13.0.1 Build 232 06/12/2013 Service Pack 1 SJ Web Edition


---------------------
; Table of Contents ;
---------------------
  1. Legal Notice
  2. Analysis & Synthesis Summary
  3. Analysis & Synthesis Settings
  4. Parallel Compilation
  5. Analysis & Synthesis IP Cores Summary
  6. Analysis & Synthesis Messages



----------------
; Legal Notice ;
----------------
Copyright (C) 1991-2013 Altera Corporation
Your use of Altera Corporation's design tools, logic functions 
and other software and tools, and its AMPP partner logic 
functions, and any output files from any of the foregoing 
(including device programming or simulation files), and any 
associated documentation or information are expressly subject 
to the terms and conditions of the Altera Program License 
Subscription Agreement, Altera MegaCore Function License 
Agreement, or other applicable license agreement, including, 
without limitation, that your use is for the sole purpose of 
programming logic devices manufactured by Altera and sold by 
Altera or its authorized distributors.  Please refer to the 
applicable agreement for further details.



+--------------------------------------------------------------------------------------+
; Analysis & Synthesis Summary                                                         ;
+------------------------------------+-------------------------------------------------+
; Analysis & Synthesis Status        ; Failed - Tue May 09 17:01:14 2023               ;
; Quartus II 64-Bit Version          ; 13.0.1 Build 232 06/12/2013 SP 1 SJ Web Edition ;
; Revision Name                      ; PWM_Controller                                  ;
; Top-level Entity Name              ; PWM_Controller                                  ;
; Family                             ; Cyclone II                                      ;
; Total logic elements               ; N/A until Partition Merge                       ;
;     Total combinational functions  ; N/A until Partition Merge                       ;
;     Dedicated logic registers      ; N/A until Partition Merge                       ;
; Total registers                    ; N/A until Partition Merge                       ;
; Total pins                         ; N/A until Partition Merge                       ;
; Total virtual pins                 ; N/A until Partition Merge                       ;
; Total memory bits                  ; N/A until Partition Merge                       ;
; Embedded Multiplier 9-bit elements ; N/A until Partition Merge                       ;
; Total PLLs                         ; N/A until Partition Merge                       ;
+------------------------------------+-------------------------------------------------+


+----------------------------------------------------------------------------------------------------------------------+
; Analysis & Synthesis Settings                                                                                        ;
+----------------------------------------------------------------------------+--------------------+--------------------+
; Option                                                                     ; Setting            ; Default Value      ;
+----------------------------------------------------------------------------+--------------------+--------------------+
; Device                                                                     ; EP2C20F484C7       ;                    ;
; Top-level entity name                                                      ; PWM_Controller     ; PWM_Controller     ;
; Family name                                                                ; Cyclone II         ; Cyclone IV GX      ;
; Use smart compilation                                                      ; Off                ; Off                ;
; Enable parallel Assembler and TimeQuest Timing Analyzer during compilation ; On                 ; On                 ;
; Enable compact report table                                                ; Off                ; Off                ;
; Restructure Multiplexers                                                   ; Auto               ; Auto               ;
; Create Debugging Nodes for IP Cores                                        ; Off                ; Off                ;
; Preserve fewer node names                                                  ; On                 ; On                 ;
; Disable OpenCore Plus hardware evaluation                                  ; Off                ; Off                ;
; Verilog Version                                                            ; Verilog_2001       ; Verilog_2001       ;
; VHDL Version                                                               ; VHDL_1993          ; VHDL_1993          ;
; State Machine Processing                                                   ; Auto               ; Auto               ;
; Safe State Machine                                                         ; Off                ; Off                ;
; Extract Verilog State Machines                                             ; On                 ; On                 ;
; Extract VHDL State Machines                                                ; On                 ; On                 ;
; Ignore Verilog initial constructs                                          ; Off                ; Off                ;
; Iteration limit for constant Verilog loops                                 ; 5000               ; 5000               ;
; Iteration limit for non-constant Verilog loops                             ; 250                ; 250                ;
; Add Pass-Through Logic to Inferred RAMs                                    ; On                 ; On                 ;
; Infer RAMs from Raw Logic                                                  ; On                 ; On                 ;
; Parallel Synthesis                                                         ; On                 ; On                 ;
; DSP Block Balancing                                                        ; Auto               ; Auto               ;
; NOT Gate Push-Back                                                         ; On                 ; On                 ;
; Power-Up Don't Care                                                        ; On                 ; On                 ;
; Remove Redundant Logic Cells                                               ; Off                ; Off                ;
; Remove Duplicate Registers                                                 ; On                 ; On                 ;
; Ignore CARRY Buffers                                                       ; Off                ; Off                ;
; Ignore CASCADE Buffers                                                     ; Off                ; Off                ;
; Ignore GLOBAL Buffers                                                      ; Off                ; Off                ;
; Ignore ROW GLOBAL Buffers                                                  ; Off                ; Off                ;
; Ignore LCELL Buffers                                                       ; Off                ; Off                ;
; Ignore SOFT Buffers                                                        ; On                 ; On                 ;
; Limit AHDL Integers to 32 Bits                                             ; Off                ; Off                ;
; Optimization Technique                                                     ; Balanced           ; Balanced           ;
; Carry Chain Length                                                         ; 70                 ; 70                 ;
; Auto Carry Chains                                                          ; On                 ; On                 ;
; Auto Open-Drain Pins                                                       ; On                 ; On                 ;
; Perform WYSIWYG Primitive Resynthesis                                      ; Off                ; Off                ;
; Auto ROM Replacement                                                       ; On                 ; On                 ;
; Auto RAM Replacement                                                       ; On                 ; On                 ;
; Auto Shift Register Replacement                                            ; Auto               ; Auto               ;
; Allow Shift Register Merging across Hierarchies                            ; Auto               ; Auto               ;
; Auto Clock Enable Replacement                                              ; On                 ; On                 ;
; Strict RAM Replacement                                                     ; Off                ; Off                ;
; Allow Synchronous Control Signals                                          ; On                 ; On                 ;
; Force Use of Synchronous Clear Signals                                     ; Off                ; Off                ;
; Auto RAM to Logic Cell Conversion                                          ; Off                ; Off                ;
; Auto Resource Sharing                                                      ; Off                ; Off                ;
; Allow Any RAM Size For Recognition                                         ; Off                ; Off                ;
; Allow Any ROM Size For Recognition                                         ; Off                ; Off                ;
; Allow Any Shift Register Size For Recognition                              ; Off                ; Off                ;
; Use LogicLock Constraints during Resource Balancing                        ; On                 ; On                 ;
; Ignore translate_off and synthesis_off directives                          ; Off                ; Off                ;
; Timing-Driven Synthesis                                                    ; Off                ; Off                ;
; Report Parameter Settings                                                  ; On                 ; On                 ;
; Report Source Assignments                                                  ; On                 ; On                 ;
; Report Connectivity Checks                                                 ; On                 ; On                 ;
; Ignore Maximum Fan-Out Assignments                                         ; Off                ; Off                ;
; Synchronization Register Chain Length                                      ; 2                  ; 2                  ;
; PowerPlay Power Optimization                                               ; Normal compilation ; Normal compilation ;
; HDL message level                                                          ; Level2             ; Level2             ;
; Suppress Register Optimization Related Messages                            ; Off                ; Off                ;
; Number of Removed Registers Reported in Synthesis Report                   ; 5000               ; 5000               ;
; Number of Swept Nodes Reported in Synthesis Report                         ; 5000               ; 5000               ;
; Number of Inverted Registers Reported in Synthesis Report                  ; 100                ; 100                ;
; Clock MUX Protection                                                       ; On                 ; On                 ;
; Auto Gated Clock Conversion                                                ; Off                ; Off                ;
; Block Design Naming                                                        ; Auto               ; Auto               ;
; SDC constraint protection                                                  ; Off                ; Off                ;
; Synthesis Effort                                                           ; Auto               ; Auto               ;
; Shift Register Replacement - Allow Asynchronous Clear Signal               ; On                 ; On                 ;
; Pre-Mapping Resynthesis Optimization                                       ; Off                ; Off                ;
; Analysis & Synthesis Message Level                                         ; Medium             ; Medium             ;
; Disable Register Merging Across Hierarchies                                ; Auto               ; Auto               ;
; Resource Aware Inference For Block RAM                                     ; On                 ; On                 ;
; Synthesis Seed                                                             ; 1                  ; 1                  ;
+----------------------------------------------------------------------------+--------------------+--------------------+


Parallel compilation was disabled, but you have multiple processors available. Enable parallel compilation to reduce compilation time.
+-------------------------------------+
; Parallel Compilation                ;
+----------------------------+--------+
; Processors                 ; Number ;
+----------------------------+--------+
; Number detected on machine ; 8      ;
; Maximum allowed            ; 1      ;
+----------------------------+--------+


+-------------------------------------------------------------------------------------------------------------------------------------------------------------------------------------------------------------------+
; Analysis & Synthesis IP Cores Summary                                                                                                                                                                             ;
+--------+--------------+---------+--------------+--------------+----------------------------------------------------+----------------------------------------------------------------------------------------------+
; Vendor ; IP Core Name ; Version ; Release Date ; License Type ; Entity Instance                                    ; IP Include File                                                                              ;
+--------+--------------+---------+--------------+--------------+----------------------------------------------------+----------------------------------------------------------------------------------------------+
; Altera ; ALTPLL       ; N/A     ; N/A          ; N/A          ; |PWM_Controller|altera_pll:\b_gen_pll:i_altera_pll ; C:/Users/Joel-/Desktop/Civ_Data/Digital_Electronics/VHDL/Labbar/Lab7/altera_pll_cyclone2.vhd ;
+--------+--------------+---------+--------------+--------------+----------------------------------------------------+----------------------------------------------------------------------------------------------+


+-------------------------------+
; Analysis & Synthesis Messages ;
+-------------------------------+
Info: *******************************************************************
Info: Running Quartus II 64-Bit Analysis & Synthesis
    Info: Version 13.0.1 Build 232 06/12/2013 Service Pack 1 SJ Web Edition
    Info: Processing started: Tue May 09 17:01:13 2023
Info: Command: quartus_map --read_settings_files=on --write_settings_files=off PWM_Controller -c PWM_Controller
Warning (20028): Parallel compilation is not licensed and has been disabled
Info (12021): Found 2 design units, including 1 entities, in source file serial_uart_rtl.vhd
    Info (12022): Found design unit 1: serial_uart-rtl
    Info (12023): Found entity 1: serial_uart
Info (12021): Found 2 design units, including 1 entities, in source file serial_ctrl.vhd
    Info (12022): Found design unit 1: serial_ctrl-rtl
    Info (12023): Found entity 1: serial_ctrl
Info (12021): Found 2 design units, including 1 entities, in source file pwm_ctrl.vhd
    Info (12022): Found design unit 1: pwm_ctrl-rtl
    Info (12023): Found entity 1: pwm_ctrl
Info (12021): Found 2 design units, including 1 entities, in source file key_ctrl.vhd
    Info (12022): Found design unit 1: key_ctrl-rtl
    Info (12023): Found entity 1: key_ctrl
Info (12021): Found 2 design units, including 1 entities, in source file dc_disp_ctrl.vhd
    Info (12022): Found design unit 1: dc_disp_ctrl-rtl
    Info (12023): Found entity 1: dc_disp_ctrl
Info (12021): Found 2 design units, including 1 entities, in source file bcd_decode_rom_rtl.vhd
    Info (12022): Found design unit 1: bcd_decode_rom-rtl
    Info (12023): Found entity 1: bcd_decode_rom
Info (12021): Found 2 design units, including 1 entities, in source file reset_ctrl_rtl.vhd
    Info (12022): Found design unit 1: reset_ctrl-rtl
    Info (12023): Found entity 1: reset_ctrl
Warning (12090): Entity "altera_pll" obtained from "altera_pll_cyclone2.vhd" instead of from Quartus II megafunction library
Info (12021): Found 2 design units, including 1 entities, in source file altera_pll_cyclone2.vhd
    Info (12022): Found design unit 1: altera_pll-SYN
    Info (12023): Found entity 1: altera_pll
Info (12021): Found 2 design units, including 1 entities, in source file top_level.vhd
    Info (12022): Found design unit 1: PWM_Controller-rtl
    Info (12023): Found entity 1: PWM_Controller
Info (12127): Elaborating entity "PWM_Controller" for the top level hierarchy
Warning (10036): Verilog HDL or VHDL warning at top_level.vhd(49): object "reset" assigned a value but never read
Warning (10541): VHDL Signal Declaration warning at top_level.vhd(59): used implicit default value for signal "reset_2r" because signal was never assigned a value or an explicit default value. Use of implicit default value may introduce unintended design optimizations.
Warning (10541): VHDL Signal Declaration warning at top_level.vhd(65): used implicit default value for signal "input_vector" because signal was never assigned a value or an explicit default value. Use of implicit default value may introduce unintended design optimizations.
Warning (10541): VHDL Signal Declaration warning at top_level.vhd(69): used implicit default value for signal "valid_in" because signal was never assigned a value or an explicit default value. Use of implicit default value may introduce unintended design optimizations.
Info (12128): Elaborating entity "altera_pll" for hierarchy "altera_pll:\b_gen_pll:i_altera_pll"
Info (12128): Elaborating entity "altpll" for hierarchy "altera_pll:\b_gen_pll:i_altera_pll|altpll:altpll_component"
Info (12130): Elaborated megafunction instantiation "altera_pll:\b_gen_pll:i_altera_pll|altpll:altpll_component"
Info (12133): Instantiated megafunction "altera_pll:\b_gen_pll:i_altera_pll|altpll:altpll_component" with the following parameter:
    Info (12134): Parameter "clk0_divide_by" = "2"
    Info (12134): Parameter "clk0_duty_cycle" = "50"
    Info (12134): Parameter "clk0_multiply_by" = "1"
    Info (12134): Parameter "clk0_phase_shift" = "0"
    Info (12134): Parameter "clk1_divide_by" = "1"
    Info (12134): Parameter "clk1_duty_cycle" = "50"
    Info (12134): Parameter "clk1_multiply_by" = "1"
    Info (12134): Parameter "clk1_phase_shift" = "0"
    Info (12134): Parameter "clk2_divide_by" = "1"
    Info (12134): Parameter "clk2_duty_cycle" = "50"
    Info (12134): Parameter "clk2_multiply_by" = "2"
    Info (12134): Parameter "clk2_phase_shift" = "0"
    Info (12134): Parameter "compensate_clock" = "CLK0"
    Info (12134): Parameter "gate_lock_counter" = "1000"
    Info (12134): Parameter "gate_lock_signal" = "YES"
    Info (12134): Parameter "inclk0_input_frequency" = "20000"
    Info (12134): Parameter "intended_device_family" = "Cyclone II"
    Info (12134): Parameter "invalid_lock_multiplier" = "5"
    Info (12134): Parameter "lpm_hint" = "CBX_MODULE_PREFIX=altera_pll"
    Info (12134): Parameter "lpm_type" = "altpll"
    Info (12134): Parameter "operation_mode" = "NORMAL"
    Info (12134): Parameter "port_activeclock" = "PORT_UNUSED"
    Info (12134): Parameter "port_areset" = "PORT_USED"
    Info (12134): Parameter "port_clkbad0" = "PORT_UNUSED"
    Info (12134): Parameter "port_clkbad1" = "PORT_UNUSED"
    Info (12134): Parameter "port_clkloss" = "PORT_UNUSED"
    Info (12134): Parameter "port_clkswitch" = "PORT_UNUSED"
    Info (12134): Parameter "port_configupdate" = "PORT_UNUSED"
    Info (12134): Parameter "port_fbin" = "PORT_UNUSED"
    Info (12134): Parameter "port_inclk0" = "PORT_USED"
    Info (12134): Parameter "port_inclk1" = "PORT_UNUSED"
    Info (12134): Parameter "port_locked" = "PORT_USED"
    Info (12134): Parameter "port_pfdena" = "PORT_UNUSED"
    Info (12134): Parameter "port_phasecounterselect" = "PORT_UNUSED"
    Info (12134): Parameter "port_phasedone" = "PORT_UNUSED"
    Info (12134): Parameter "port_phasestep" = "PORT_UNUSED"
    Info (12134): Parameter "port_phaseupdown" = "PORT_UNUSED"
    Info (12134): Parameter "port_pllena" = "PORT_UNUSED"
    Info (12134): Parameter "port_scanaclr" = "PORT_UNUSED"
    Info (12134): Parameter "port_scanclk" = "PORT_UNUSED"
    Info (12134): Parameter "port_scanclkena" = "PORT_UNUSED"
    Info (12134): Parameter "port_scandata" = "PORT_UNUSED"
    Info (12134): Parameter "port_scandataout" = "PORT_UNUSED"
    Info (12134): Parameter "port_scandone" = "PORT_UNUSED"
    Info (12134): Parameter "port_scanread" = "PORT_UNUSED"
    Info (12134): Parameter "port_scanwrite" = "PORT_UNUSED"
    Info (12134): Parameter "port_clk0" = "PORT_USED"
    Info (12134): Parameter "port_clk1" = "PORT_USED"
    Info (12134): Parameter "port_clk2" = "PORT_USED"
    Info (12134): Parameter "port_clk3" = "PORT_UNUSED"
    Info (12134): Parameter "port_clk4" = "PORT_UNUSED"
    Info (12134): Parameter "port_clk5" = "PORT_UNUSED"
    Info (12134): Parameter "port_clkena0" = "PORT_UNUSED"
    Info (12134): Parameter "port_clkena1" = "PORT_UNUSED"
    Info (12134): Parameter "port_clkena2" = "PORT_UNUSED"
    Info (12134): Parameter "port_clkena3" = "PORT_UNUSED"
    Info (12134): Parameter "port_clkena4" = "PORT_UNUSED"
    Info (12134): Parameter "port_clkena5" = "PORT_UNUSED"
    Info (12134): Parameter "port_extclk0" = "PORT_UNUSED"
    Info (12134): Parameter "port_extclk1" = "PORT_UNUSED"
    Info (12134): Parameter "port_extclk2" = "PORT_UNUSED"
    Info (12134): Parameter "port_extclk3" = "PORT_UNUSED"
    Info (12134): Parameter "valid_lock_multiplier" = "1"
Info (12128): Elaborating entity "reset_ctrl" for hierarchy "reset_ctrl:\b_gen_pll:i_reset_ctrl"
Info (12128): Elaborating entity "key_ctrl" for hierarchy "key_ctrl:i_key_ctrl"
Warning (10631): VHDL Process Statement warning at key_ctrl.vhd(77): inferring latch(es) for signal or variable "in_key_off_n_2r", which holds its previous value in one or more paths through the process
Warning (10631): VHDL Process Statement warning at key_ctrl.vhd(113): inferring latch(es) for signal or variable "in_key_down_n_2r", which holds its previous value in one or more paths through the process
Warning (10631): VHDL Process Statement warning at key_ctrl.vhd(132): inferring latch(es) for signal or variable "in_key_up_n_2r", which holds its previous value in one or more paths through the process
Info (10041): Inferred latch for "in_key_up_n_2r" at key_ctrl.vhd(132)
Info (10041): Inferred latch for "in_key_down_n_2r" at key_ctrl.vhd(113)
Info (10041): Inferred latch for "in_key_off_n_2r" at key_ctrl.vhd(77)
Error (10028): Can't resolve multiple constant drivers for net "in_key_on_n_2r" at key_ctrl.vhd(79) File: C:/Users/Joel-/Desktop/Civ_Data/Digital_Electronics/VHDL/Labbar/Lab7/key_ctrl.vhd Line: 79
Error (10029): Constant driver at key_ctrl.vhd(57) File: C:/Users/Joel-/Desktop/Civ_Data/Digital_Electronics/VHDL/Labbar/Lab7/key_ctrl.vhd Line: 57
Error (10028): Can't resolve multiple constant drivers for net "in_key_off_n_2r" at key_ctrl.vhd(57) File: C:/Users/Joel-/Desktop/Civ_Data/Digital_Electronics/VHDL/Labbar/Lab7/key_ctrl.vhd Line: 57
Error (10029): Constant driver at key_ctrl.vhd(77) File: C:/Users/Joel-/Desktop/Civ_Data/Digital_Electronics/VHDL/Labbar/Lab7/key_ctrl.vhd Line: 77
Error (10028): Can't resolve multiple constant drivers for net "in_key_up_n_2r" at key_ctrl.vhd(57) File: C:/Users/Joel-/Desktop/Civ_Data/Digital_Electronics/VHDL/Labbar/Lab7/key_ctrl.vhd Line: 57
Error (10029): Constant driver at key_ctrl.vhd(132) File: C:/Users/Joel-/Desktop/Civ_Data/Digital_Electronics/VHDL/Labbar/Lab7/key_ctrl.vhd Line: 132
Error (10028): Can't resolve multiple constant drivers for net "in_key_down_n_2r" at key_ctrl.vhd(57) File: C:/Users/Joel-/Desktop/Civ_Data/Digital_Electronics/VHDL/Labbar/Lab7/key_ctrl.vhd Line: 57
Error (10029): Constant driver at key_ctrl.vhd(113) File: C:/Users/Joel-/Desktop/Civ_Data/Digital_Electronics/VHDL/Labbar/Lab7/key_ctrl.vhd Line: 113
Error (10028): Can't resolve multiple constant drivers for net "ten_ms_cnt[18]" at key_ctrl.vhd(96) File: C:/Users/Joel-/Desktop/Civ_Data/Digital_Electronics/VHDL/Labbar/Lab7/key_ctrl.vhd Line: 96
Error (10029): Constant driver at key_ctrl.vhd(79) File: C:/Users/Joel-/Desktop/Civ_Data/Digital_Electronics/VHDL/Labbar/Lab7/key_ctrl.vhd Line: 79
Error (10028): Can't resolve multiple constant drivers for net "ten_ms_cnt[17]" at key_ctrl.vhd(96) File: C:/Users/Joel-/Desktop/Civ_Data/Digital_Electronics/VHDL/Labbar/Lab7/key_ctrl.vhd Line: 96
Error (10028): Can't resolve multiple constant drivers for net "ten_ms_cnt[16]" at key_ctrl.vhd(96) File: C:/Users/Joel-/Desktop/Civ_Data/Digital_Electronics/VHDL/Labbar/Lab7/key_ctrl.vhd Line: 96
Error (10028): Can't resolve multiple constant drivers for net "ten_ms_cnt[15]" at key_ctrl.vhd(96) File: C:/Users/Joel-/Desktop/Civ_Data/Digital_Electronics/VHDL/Labbar/Lab7/key_ctrl.vhd Line: 96
Error (10028): Can't resolve multiple constant drivers for net "ten_ms_cnt[14]" at key_ctrl.vhd(96) File: C:/Users/Joel-/Desktop/Civ_Data/Digital_Electronics/VHDL/Labbar/Lab7/key_ctrl.vhd Line: 96
Error (10028): Can't resolve multiple constant drivers for net "ten_ms_cnt[13]" at key_ctrl.vhd(96) File: C:/Users/Joel-/Desktop/Civ_Data/Digital_Electronics/VHDL/Labbar/Lab7/key_ctrl.vhd Line: 96
Error (10028): Can't resolve multiple constant drivers for net "ten_ms_cnt[12]" at key_ctrl.vhd(96) File: C:/Users/Joel-/Desktop/Civ_Data/Digital_Electronics/VHDL/Labbar/Lab7/key_ctrl.vhd Line: 96
Error (10028): Can't resolve multiple constant drivers for net "ten_ms_cnt[11]" at key_ctrl.vhd(96) File: C:/Users/Joel-/Desktop/Civ_Data/Digital_Electronics/VHDL/Labbar/Lab7/key_ctrl.vhd Line: 96
Error (10028): Can't resolve multiple constant drivers for net "ten_ms_cnt[10]" at key_ctrl.vhd(96) File: C:/Users/Joel-/Desktop/Civ_Data/Digital_Electronics/VHDL/Labbar/Lab7/key_ctrl.vhd Line: 96
Error (10028): Can't resolve multiple constant drivers for net "ten_ms_cnt[9]" at key_ctrl.vhd(96) File: C:/Users/Joel-/Desktop/Civ_Data/Digital_Electronics/VHDL/Labbar/Lab7/key_ctrl.vhd Line: 96
Error (12152): Can't elaborate user hierarchy "key_ctrl:i_key_ctrl" File: C:/Users/Joel-/Desktop/Civ_Data/Digital_Electronics/VHDL/Labbar/Lab7/top_level.vhd Line: 128
Error: Quartus II 64-Bit Analysis & Synthesis was unsuccessful. 20 errors, 9 warnings
    Error: Peak virtual memory: 4643 megabytes
    Error: Processing ended: Tue May 09 17:01:14 2023
    Error: Elapsed time: 00:00:01
    Error: Total CPU time (on all processors): 00:00:00


